###############################################################################
#
# IAR ELF Linker V7.50.1.10123/W32 for ARM                19/Jul/2016  23:47:05
# Copyright 2007-2015 IAR Systems AB.
#
#    Output file  =  
#        C:\Users\Nick F\Desktop\Progetto
#        NUCLEO\fase3_Pagano\EWARM\fase2_Pagano\Exe\fase2_Pagano.out
#    Map file     =  
#        C:\Users\Nick F\Desktop\Progetto
#        NUCLEO\fase3_Pagano\EWARM\fase2_Pagano\List\fase2_Pagano.map
#    Command line =  
#        "C:\Users\Nick F\Desktop\Progetto
#        NUCLEO\fase3_Pagano\EWARM\fase2_Pagano\Obj\main.o" "C:\Users\Nick
#        F\Desktop\Progetto
#        NUCLEO\fase3_Pagano\EWARM\fase2_Pagano\Obj\nRF24l01.o" "C:\Users\Nick
#        F\Desktop\Progetto
#        NUCLEO\fase3_Pagano\EWARM\fase2_Pagano\Obj\pagano_app_library.o"
#        "C:\Users\Nick F\Desktop\Progetto
#        NUCLEO\fase3_Pagano\EWARM\fase2_Pagano\Obj\pagano_dll_library.o"
#        "C:\Users\Nick F\Desktop\Progetto
#        NUCLEO\fase3_Pagano\EWARM\fase2_Pagano\Obj\startup_stm32f334x8.o"
#        "C:\Users\Nick F\Desktop\Progetto
#        NUCLEO\fase3_Pagano\EWARM\fase2_Pagano\Obj\stm32f3xx_hal.o"
#        "C:\Users\Nick F\Desktop\Progetto
#        NUCLEO\fase3_Pagano\EWARM\fase2_Pagano\Obj\stm32f3xx_hal_cortex.o"
#        "C:\Users\Nick F\Desktop\Progetto
#        NUCLEO\fase3_Pagano\EWARM\fase2_Pagano\Obj\stm32f3xx_hal_dma.o"
#        "C:\Users\Nick F\Desktop\Progetto
#        NUCLEO\fase3_Pagano\EWARM\fase2_Pagano\Obj\stm32f3xx_hal_flash.o"
#        "C:\Users\Nick F\Desktop\Progetto
#        NUCLEO\fase3_Pagano\EWARM\fase2_Pagano\Obj\stm32f3xx_hal_flash_ex.o"
#        "C:\Users\Nick F\Desktop\Progetto
#        NUCLEO\fase3_Pagano\EWARM\fase2_Pagano\Obj\stm32f3xx_hal_gpio.o"
#        "C:\Users\Nick F\Desktop\Progetto
#        NUCLEO\fase3_Pagano\EWARM\fase2_Pagano\Obj\stm32f3xx_hal_i2c.o"
#        "C:\Users\Nick F\Desktop\Progetto
#        NUCLEO\fase3_Pagano\EWARM\fase2_Pagano\Obj\stm32f3xx_hal_i2c_ex.o"
#        "C:\Users\Nick F\Desktop\Progetto
#        NUCLEO\fase3_Pagano\EWARM\fase2_Pagano\Obj\stm32f3xx_hal_msp.o"
#        "C:\Users\Nick F\Desktop\Progetto
#        NUCLEO\fase3_Pagano\EWARM\fase2_Pagano\Obj\stm32f3xx_hal_pwr.o"
#        "C:\Users\Nick F\Desktop\Progetto
#        NUCLEO\fase3_Pagano\EWARM\fase2_Pagano\Obj\stm32f3xx_hal_pwr_ex.o"
#        "C:\Users\Nick F\Desktop\Progetto
#        NUCLEO\fase3_Pagano\EWARM\fase2_Pagano\Obj\stm32f3xx_hal_rcc.o"
#        "C:\Users\Nick F\Desktop\Progetto
#        NUCLEO\fase3_Pagano\EWARM\fase2_Pagano\Obj\stm32f3xx_hal_rcc_ex.o"
#        "C:\Users\Nick F\Desktop\Progetto
#        NUCLEO\fase3_Pagano\EWARM\fase2_Pagano\Obj\stm32f3xx_hal_spi.o"
#        "C:\Users\Nick F\Desktop\Progetto
#        NUCLEO\fase3_Pagano\EWARM\fase2_Pagano\Obj\stm32f3xx_hal_spi_ex.o"
#        "C:\Users\Nick F\Desktop\Progetto
#        NUCLEO\fase3_Pagano\EWARM\fase2_Pagano\Obj\stm32f3xx_hal_tim.o"
#        "C:\Users\Nick F\Desktop\Progetto
#        NUCLEO\fase3_Pagano\EWARM\fase2_Pagano\Obj\stm32f3xx_hal_tim_ex.o"
#        "C:\Users\Nick F\Desktop\Progetto
#        NUCLEO\fase3_Pagano\EWARM\fase2_Pagano\Obj\stm32f3xx_hal_uart.o"
#        "C:\Users\Nick F\Desktop\Progetto
#        NUCLEO\fase3_Pagano\EWARM\fase2_Pagano\Obj\stm32f3xx_hal_uart_ex.o"
#        "C:\Users\Nick F\Desktop\Progetto
#        NUCLEO\fase3_Pagano\EWARM\fase2_Pagano\Obj\stm32f3xx_it.o"
#        "C:\Users\Nick F\Desktop\Progetto
#        NUCLEO\fase3_Pagano\EWARM\fase2_Pagano\Obj\system_stm32f3xx.o"
#        --redirect _Printf=_PrintfFull --redirect _Scanf=_ScanfFull -o
#        "C:\Users\Nick F\Desktop\Progetto
#        NUCLEO\fase3_Pagano\EWARM\fase2_Pagano\Exe\fase2_Pagano.out" --map
#        "C:\Users\Nick F\Desktop\Progetto
#        NUCLEO\fase3_Pagano\EWARM\fase2_Pagano\List\fase2_Pagano.map" --config
#        "C:\Users\Nick F\Desktop\Progetto
#        NUCLEO\fase3_Pagano\EWARM/stm32f334x8_flash.icf" --semihosting --entry
#        __iar_program_start --vfe
#
###############################################################################

*******************************************************************************
*** RUNTIME MODEL ATTRIBUTES
***

CppFlavor                     = *
__Heap_Handler                = Basic
__SystemLibrary               = DLib
__dlib_dynamic_initialization = normal


*******************************************************************************
*** PLACEMENT SUMMARY
***

"A1":  place at 0x08000000 { ro section .intvec };
"P1":  place in [from 0x08000000 to 0x0800ffff] { ro };
"P2":  place in [from 0x20000000 to 0x20002fff] { rw, block CSTACK, block HEAP };

  Section             Kind        Address    Size  Object
  -------             ----        -------    ----  ------
"A1":                                       0x188
  .intvec             ro code  0x08000000   0x188  startup_stm32f334x8.o [1]
                             - 0x08000188   0x188

"P1":                                      0x4278
  .text               ro code  0x08000188  0x1152  xprintffull.o [3]
  .text               ro code  0x080012da    0x20  xmbtowc.o [3]
  .text               ro code  0x080012fa     0xa  xsprout.o [3]
  .text               ro code  0x08001304    0x16  strchr.o [5]
  .text               ro code  0x0800131c    0x36  strlen.o [5]
  .text               ro code  0x08001354    0x58  memchr.o [5]
  .text               ro code  0x080013ac     0xa  xmbcurmax.o [3]
  .text               ro code  0x080013b8    0xb0  xxmemxmalloc.o [3]
  .text               ro code  0x08001468    0x1a  xwctomb.o [3]
  .text               ro code  0x08001484    0x76  ABImemcpy_unaligned.o [5]
  .text               ro code  0x080014fc    0x80  xxmemxfree.o [3]
  .text               ro code  0x0800157c    0xee  I64DivMod.o [5]
  .text               ro code  0x0800166a    0x42  xdnorm.o [4]
  .text               ro code  0x080016ac    0x2e  DblCmpLe.o [4]
  .text               ro code  0x080016dc    0x2e  DblCmpGe.o [4]
  .text               ro code  0x0800170c   0x114  xdscale.o [4]
  .text               ro code  0x08001820    0x58  DblToI32.o [4]
  .text               ro code  0x08001878    0x30  I32ToDbl.o [4]
  .text               ro code  0x080018a8   0x180  DblSub.o [4]
  .text               ro code  0x08001a28   0x1a2  DblMul.o [4]
  .text               ro code  0x08001bcc   0x256  DblDiv.o [4]
  .text               ro code  0x08001e24    0x6c  localeconv.o [3]
  .text               ro code  0x08001e90     0xe  div.o [3]
  .text               ro code  0x08001ea0    0x14  setlocale.o [3]
  .text               ro code  0x08001eb4    0x60  xencoding_sb.o [3]
  .text               ro code  0x08001f14    0x2c  xgetmemchunk.o [3]
  .text               ro code  0x08001f40     0x2  I64DivZer.o [5]
  .text               ro code  0x08001f44    0xd4  DblAdd.o [4]
  .text               ro code  0x08002018     0x2  xtls.o [3]
  .text               ro code  0x0800201c   0x6b6  stm32f3xx_hal_uart.o [1]
  .text               ro code  0x080026d4   0x128  stm32f3xx_hal_msp.o [1]
  .text               ro code  0x080027fc     0x2  stm32f3xx_hal_uart_ex.o [1]
  .text               ro code  0x08002800   0x558  stm32f3xx_hal_rcc.o [1]
  .text               ro code  0x08002d58    0x74  stm32f3xx_hal.o [1]
  .text               ro code  0x08002dcc   0x454  main.o [1]
  .text               ro code  0x08003220    0xe2  stm32f3xx_hal_cortex.o [1]
  .text               ro code  0x08003304   0x1b8  stm32f3xx_hal_gpio.o [1]
  .text               ro code  0x080034bc   0x5e6  stm32f3xx_hal_spi.o [1]
  .text               ro code  0x08003aa4   0x3bc  pagano_dll_library.o [1]
  .text               ro code  0x08003e60   0x110  pagano_app_library.o [1]
  .text               ro code  0x08003f70   0x120  stm32f3xx_hal_rcc_ex.o [1]
  .text               ro code  0x08004090    0x14  memset.o [3]
  .text               ro code  0x080040a4    0x34  sprintf.o [3]
  .text               ro code  0x080040d8    0x66  ABImemset.o [5]
  .text               ro code  0x08004140    0x6c  system_stm32f3xx.o [1]
  .text               ro code  0x080041ac    0x40  zero_init3.o [5]
  .text               ro code  0x080041ec    0x38  packbits_init_single.o [5]
  .text               ro code  0x08004224    0x28  data_init.o [5]
  .text               ro code  0x0800424c    0x22  fpinit_M.o [4]
  .iar.init_table     const    0x08004270    0x20  - Linker created -
  .text               ro code  0x08004290    0x20  stm32f3xx_it.o [1]
  .text               ro code  0x080042b0    0x1a  cmain.o [5]
  .text               ro code  0x080042ca     0x4  low_level_init.o [3]
  .text               ro code  0x080042ce     0x4  exit.o [3]
  .text               ro code  0x080042d4     0xa  cexit.o [5]
  .text               ro code  0x080042e0    0x14  exit.o [6]
  .text               ro code  0x080042f4    0x10  startup_stm32f334x8.o [1]
  .text               ro code  0x08004304     0xc  cstartup_M.o [5]
  .text               ro code  0x08004310     0x4  startup_stm32f334x8.o [1]
  .text               ro code  0x08004314     0x4  startup_stm32f334x8.o [1]
  .text               ro code  0x08004318     0x4  startup_stm32f334x8.o [1]
  .text               ro code  0x0800431c     0x4  startup_stm32f334x8.o [1]
  .text               ro code  0x08004320     0x4  startup_stm32f334x8.o [1]
  .text               ro code  0x08004324     0x4  startup_stm32f334x8.o [1]
  .text               ro code  0x08004328     0x4  startup_stm32f334x8.o [1]
  .text               ro code  0x0800432c     0x4  startup_stm32f334x8.o [1]
  .text               ro code  0x08004330     0x4  startup_stm32f334x8.o [1]
  .text               ro code  0x08004334     0x4  startup_stm32f334x8.o [1]
  .text               ro code  0x08004338     0x4  startup_stm32f334x8.o [1]
  .text               ro code  0x0800433c     0x4  startup_stm32f334x8.o [1]
  .text               ro code  0x08004340     0x4  startup_stm32f334x8.o [1]
  .text               ro code  0x08004344     0x4  startup_stm32f334x8.o [1]
  .text               ro code  0x08004348     0x4  startup_stm32f334x8.o [1]
  .text               ro code  0x0800434c     0x4  startup_stm32f334x8.o [1]
  .text               ro code  0x08004350     0x4  startup_stm32f334x8.o [1]
  .text               ro code  0x08004354     0x4  startup_stm32f334x8.o [1]
  .text               ro code  0x08004358     0x4  startup_stm32f334x8.o [1]
  .text               ro code  0x0800435c     0x4  startup_stm32f334x8.o [1]
  .text               ro code  0x08004360     0x4  startup_stm32f334x8.o [1]
  .text               ro code  0x08004364     0x4  startup_stm32f334x8.o [1]
  .text               ro code  0x08004368     0x4  startup_stm32f334x8.o [1]
  .text               ro code  0x0800436c     0x4  startup_stm32f334x8.o [1]
  .text               ro code  0x08004370     0x4  startup_stm32f334x8.o [1]
  .text               ro code  0x08004374     0x4  startup_stm32f334x8.o [1]
  .text               ro code  0x08004378     0x4  startup_stm32f334x8.o [1]
  .text               ro code  0x0800437c     0x4  startup_stm32f334x8.o [1]
  .text               ro code  0x08004380     0x4  startup_stm32f334x8.o [1]
  .text               ro code  0x08004384     0x4  startup_stm32f334x8.o [1]
  .text               ro code  0x08004388     0x4  startup_stm32f334x8.o [1]
  .text               ro code  0x0800438c     0x4  startup_stm32f334x8.o [1]
  .text               ro code  0x08004390     0x4  startup_stm32f334x8.o [1]
  .text               ro code  0x08004394     0x4  startup_stm32f334x8.o [1]
  .text               ro code  0x08004398     0x4  startup_stm32f334x8.o [1]
  .text               ro code  0x0800439c     0x4  startup_stm32f334x8.o [1]
  .text               ro code  0x080043a0     0x4  startup_stm32f334x8.o [1]
  .text               ro code  0x080043a4     0x4  startup_stm32f334x8.o [1]
  .text               ro code  0x080043a8     0x4  startup_stm32f334x8.o [1]
  .text               ro code  0x080043ac     0x4  startup_stm32f334x8.o [1]
  .text               ro code  0x080043b0     0x4  startup_stm32f334x8.o [1]
  .text               ro code  0x080043b4     0x4  startup_stm32f334x8.o [1]
  .text               ro code  0x080043b8     0x4  startup_stm32f334x8.o [1]
  .text               ro code  0x080043bc     0x4  startup_stm32f334x8.o [1]
  .text               ro code  0x080043c0     0x4  startup_stm32f334x8.o [1]
  .text               ro code  0x080043c4     0x4  startup_stm32f334x8.o [1]
  .text               ro code  0x080043c8     0x4  startup_stm32f334x8.o [1]
  .text               ro code  0x080043cc     0x4  startup_stm32f334x8.o [1]
  .text               ro code  0x080043d0     0x4  startup_stm32f334x8.o [1]
  .text               ro code  0x080043d4     0x4  startup_stm32f334x8.o [1]
  .text               ro code  0x080043d8     0x4  startup_stm32f334x8.o [1]
  .text               ro code  0x080043dc     0x4  startup_stm32f334x8.o [1]
  .text               ro code  0x080043e0     0x4  startup_stm32f334x8.o [1]
  .text               ro code  0x080043e4     0x4  startup_stm32f334x8.o [1]
  .text               ro code  0x080043e8     0x4  startup_stm32f334x8.o [1]
  .text               ro code  0x080043ec     0x4  startup_stm32f334x8.o [1]
  .rodata             const    0x080043f0     0x0  zero_init3.o [5]
  .rodata             const    0x080043f0     0x0  packbits_init_single.o [5]
  Initializer bytes   const    0x080043f0    0x10  <for P2-1>
                             - 0x08004400  0x4278

"P2", part 1 of 3:                          0x100
  P2-1                         0x20000000   0x100  <Init block>
    .data             inited   0x20000000     0x4  system_stm32f3xx.o [1]
    __DLIB_PERTHREAD  inited   0x20000004    0x88  localeconv.o [3]
    __DLIB_PERTHREAD  inited   0x2000008c    0x74  setlocale.o [3]
                             - 0x20000100   0x100

"P2", part 2 of 3:                          0x600
  CSTACK                       0x20000100   0x400  <Block>
    CSTACK            uninit   0x20000100   0x400  <Block tail>
  HEAP                         0x20000500   0x200  <Block>
    HEAP              uninit   0x20000500   0x200  <Block tail>
                             - 0x20000700   0x600

"P2", part 3 of 3:                          0x2c8
  .bss                zero     0x20000700   0x168  main.o [1]
  .bss                zero     0x20000868    0x70  main.o [1]
  .bss                zero     0x200008d8    0x70  main.o [1]
  .bss                zero     0x20000948    0x70  main.o [1]
  .bss                zero     0x200009b8     0x8  xxmemxmalloc.o [3]
  .bss                zero     0x200009c0     0x4  stm32f3xx_hal.o [1]
  .bss                zero     0x200009c4     0x4  xgetmemchunk.o [3]
                             - 0x200009c8   0x2c8


*******************************************************************************
*** INIT TABLE
***

          Address     Size
          -------     ----
Zero (__iar_zero_init3)
    1 destination range, total size 0x2c8:
          0x20000700  0x2c8

Copy/packbits (__iar_packbits_init_single3)
    1 source range, total size 0x10 (6% of destination):
          0x080043f0   0x10
    1 destination range, total size 0x100:
          0x20000000  0x100



*******************************************************************************
*** MODULE SUMMARY
***

    Module                   ro code  ro data  rw data
    ------                   -------  -------  -------
C:\Users\Nick F\Desktop\Progetto NUCLEO\fase3_Pagano\EWARM\fase2_Pagano\Obj: [1]
    main.o                     1 108               696
    pagano_app_library.o         272
    pagano_dll_library.o         956
    startup_stm32f334x8.o        632
    stm32f3xx_hal.o              116                 4
    stm32f3xx_hal_cortex.o       226
    stm32f3xx_hal_gpio.o         440
    stm32f3xx_hal_msp.o          296
    stm32f3xx_hal_rcc.o        1 368
    stm32f3xx_hal_rcc_ex.o       288
    stm32f3xx_hal_spi.o        1 510
    stm32f3xx_hal_uart.o       1 718
    stm32f3xx_hal_uart_ex.o        2
    stm32f3xx_it.o                32
    system_stm32f3xx.o           108                 4
    --------------------------------------------------
    Total:                     9 072               704

command line: [2]
    --------------------------------------------------
    Total:

dl7M_tlf.a: [3]
    div.o                         14
    exit.o                         4
    localeconv.o                 108        8      136
    low_level_init.o               4
    memset.o                      20
    setlocale.o                   20        8      116
    sprintf.o                     52
    xencoding_sb.o                96
    xgetmemchunk.o                44                 4
    xmbcurmax.o                   10
    xmbtowc.o                     32
    xprintffull.o              4 434
    xsprout.o                     10
    xtls.o                         2
    xwctomb.o                     26
    xxmemxfree.o                 128
    xxmemxmalloc.o               176                 8
    --------------------------------------------------
    Total:                     5 180       16      264

m7M_tls.a: [4]
    DblAdd.o                     212
    DblCmpGe.o                    46
    DblCmpLe.o                    46
    DblDiv.o                     598
    DblMul.o                     418
    DblSub.o                     384
    DblToI32.o                    88
    I32ToDbl.o                    48
    fpinit_M.o                    34
    xdnorm.o                      66
    xdscale.o                    276
    --------------------------------------------------
    Total:                     2 216

rt7M_tl.a: [5]
    ABImemcpy_unaligned.o        118
    ABImemset.o                  102
    I64DivMod.o                  238
    I64DivZer.o                    2
    cexit.o                       10
    cmain.o                       26
    cstartup_M.o                  12
    data_init.o                   40
    memchr.o                      88
    packbits_init_single.o        56
    strchr.o                      22
    strlen.o                      54
    zero_init3.o                  64
    --------------------------------------------------
    Total:                       832

shb_l.a: [6]
    exit.o                        20
    --------------------------------------------------
    Total:                        20

    Gaps                          38        2
    Linker created                         32    1 536
------------------------------------------------------
    Grand Total:              17 358       50    2 504


*******************************************************************************
*** ENTRY LIST
***

Entry                      Address   Size  Type      Object
-----                      -------   ----  ----      ------
.iar.init_table$$Base   0x08004270          --   Gb  - Linker created -
.iar.init_table$$Limit  0x08004290          --   Gb  - Linker created -
?main                   0x080042b1         Code  Gb  cmain.o [5]
CSTACK$$Base            0x20000100          --   Gb  - Linker created -
CSTACK$$Limit           0x20000500          --   Gb  - Linker created -
EXTI0_IRQHandler        0x0800429f    0x6  Code  Gb  stm32f3xx_it.o [1]
GET_command             0x08003e61   0x38  Code  Gb  pagano_app_library.o [1]
HAL_Delay               0x08002dad   0x18  Code  Wk  stm32f3xx_hal.o [1]
HAL_GPIO_EXTI_Callback  0x080030b7   0x90  Code  Gb  main.o [1]
HAL_GPIO_EXTI_IRQHandler
                        0x0800348b   0x14  Code  Gb  stm32f3xx_hal_gpio.o [1]
HAL_GPIO_Init           0x08003305  0x17c  Code  Gb  stm32f3xx_hal_gpio.o [1]
HAL_GPIO_WritePin       0x08003481    0xa  Code  Gb  stm32f3xx_hal_gpio.o [1]
HAL_GetTick             0x08002da7    0x6  Code  Wk  stm32f3xx_hal.o [1]
HAL_IncTick             0x08002d9d    0xa  Code  Wk  stm32f3xx_hal.o [1]
HAL_Init                0x08002d59   0x20  Code  Gb  stm32f3xx_hal.o [1]
HAL_InitTick            0x08002d79   0x24  Code  Wk  stm32f3xx_hal.o [1]
HAL_MspInit             0x080026d5   0x5c  Code  Gb  stm32f3xx_hal_msp.o [1]
HAL_NVIC_EnableIRQ      0x0800328f    0xc  Code  Gb  stm32f3xx_hal_cortex.o [1]
HAL_NVIC_SetPriority    0x08003255   0x3a  Code  Gb  stm32f3xx_hal_cortex.o [1]
HAL_NVIC_SetPriorityGrouping
                        0x0800323b   0x1a  Code  Gb  stm32f3xx_hal_cortex.o [1]
HAL_RCCEx_PeriphCLKConfig
                        0x08003f71  0x114  Code  Gb  stm32f3xx_hal_rcc_ex.o [1]
HAL_RCC_ClockConfig     0x08002b05  0x14c  Code  Gb  stm32f3xx_hal_rcc.o [1]
HAL_RCC_GetHCLKFreq     0x08002cc5   0x1e  Code  Gb  stm32f3xx_hal_rcc.o [1]
HAL_RCC_GetPCLK1Freq    0x08002ce3   0x10  Code  Gb  stm32f3xx_hal_rcc.o [1]
HAL_RCC_GetSysClockFreq
                        0x08002c8b   0x3a  Code  Gb  stm32f3xx_hal_rcc.o [1]
HAL_RCC_OscConfig       0x08002801  0x2d2  Code  Gb  stm32f3xx_hal_rcc.o [1]
HAL_SPI_Init            0x080034bd   0xba  Code  Gb  stm32f3xx_hal_spi.o [1]
HAL_SPI_MspInit         0x08002731   0x44  Code  Gb  stm32f3xx_hal_msp.o [1]
HAL_SPI_Transmit        0x08003577  0x11a  Code  Gb  stm32f3xx_hal_spi.o [1]
HAL_SPI_TransmitReceive
                        0x080036ab  0x22a  Code  Gb  stm32f3xx_hal_spi.o [1]
HAL_SYSTICK_CLKSourceConfig
                        0x080032cb   0x14  Code  Gb  stm32f3xx_hal_cortex.o [1]
HAL_SYSTICK_Callback    0x08003301    0x2  Code  Wk  stm32f3xx_hal_cortex.o [1]
HAL_SYSTICK_Config      0x080032a3   0x28  Code  Gb  stm32f3xx_hal_cortex.o [1]
HAL_SYSTICK_IRQHandler  0x080032f9    0x8  Code  Gb  stm32f3xx_hal_cortex.o [1]
HAL_UARTEx_WakeupCallback
                        0x080027fd    0x2  Code  Wk  stm32f3xx_hal_uart_ex.o [1]
HAL_UART_ErrorCallback  0x080022cd    0x2  Code  Wk  stm32f3xx_hal_uart.o [1]
HAL_UART_IRQHandler     0x080021d5   0xf6  Code  Gb  stm32f3xx_hal_uart.o [1]
HAL_UART_Init           0x0800201d   0x34  Code  Gb  stm32f3xx_hal_uart.o [1]
HAL_UART_MspInit        0x08002775   0x54  Code  Gb  stm32f3xx_hal_msp.o [1]
HAL_UART_Receive_IT     0x08002137   0x98  Code  Gb  stm32f3xx_hal_uart.o [1]
HAL_UART_RxCpltCallback
                        0x0800314d   0x40  Code  Gb  main.o [1]
HAL_UART_Transmit       0x08002095   0x9e  Code  Gb  stm32f3xx_hal_uart.o [1]
HAL_UART_TxCpltCallback
                        0x080022cb    0x2  Code  Wk  stm32f3xx_hal_uart.o [1]
HEAP$$Base              0x20000500          --   Gb  - Linker created -
HEAP$$Limit             0x20000700          --   Gb  - Linker created -
LoadInt                 0x080007bd   0x6e  Code  Lc  xprintffull.o [3]
MX_GPIO_Init            0x08002ff5   0xb2  Code  Lc  main.o [1]
MX_NVIC_Init            0x08002fcf   0x26  Code  Gb  main.o [1]
NVIC_SetPriority        0x08003221   0x1a  Code  Lc  stm32f3xx_hal_cortex.o [1]
Region$$Table$$Base     0x08004270          --   Gb  - Linker created -
Region$$Table$$Limit    0x08004290          --   Gb  - Linker created -
SET_command             0x08003e99   0x6a  Code  Gb  pagano_app_library.o [1]
SPI_EndRxTxTransaction  0x08003a6d   0x20  Code  Lc  stm32f3xx_hal_spi.o [1]
SPI_WaitFifoStateUntilTimeout
                        0x080039b3   0x64  Code  Lc  stm32f3xx_hal_spi.o [1]
SPI_WaitFlagStateUntilTimeout
                        0x08003961   0x4c  Code  Lc  stm32f3xx_hal_spi.o [1]
SysTick_Handler         0x08004291    0xe  Code  Gb  stm32f3xx_it.o [1]
SystemClock_Config      0x08002f59   0x76  Code  Gb  main.o [1]
SystemCoreClock         0x20000000    0x4  Data  Gb  system_stm32f3xx.o [1]
SystemInit              0x08004141   0x52  Code  Gb  system_stm32f3xx.o [1]
UART_AdvFeatureConfig   0x08002421   0xc6  Code  Gb  stm32f3xx_hal_uart.o [1]
UART_CheckIdleState     0x080024e7   0x4a  Code  Gb  stm32f3xx_hal_uart.o [1]
UART_EndTransmit_IT     0x0800262b   0x24  Code  Gb  stm32f3xx_hal_uart.o [1]
UART_Receive_IT         0x0800264f   0x84  Code  Gb  stm32f3xx_hal_uart.o [1]
UART_SetConfig          0x080022d1  0x132  Code  Gb  stm32f3xx_hal_uart.o [1]
UART_Transmit_IT        0x080025c5   0x66  Code  Gb  stm32f3xx_hal_uart.o [1]
UART_WaitOnFlagUntilTimeout
                        0x08002531   0x94  Code  Gb  stm32f3xx_hal_uart.o [1]
USART1_IRQHandler       0x080042a5    0x6  Code  Gb  stm32f3xx_it.o [1]
_EncodingSb_Mbtowc      0x08001ecf   0x30  Code  Gb  xencoding_sb.o [3]
_EncodingSb_Wctomb      0x08001eb5   0x1a  Code  Gb  xencoding_sb.o [3]
_GenldFull              0x08001047  0x24c  Code  Lc  xprintffull.o [3]
_IsdstStr               0x20000090    0x4  Data  Gb  setlocale.o [3]
_LdtobFull              0x08000c45  0x3fc  Code  Lc  xprintffull.o [3]
_LitobFull              0x08000b3d  0x106  Code  Lc  xprintffull.o [3]
_LocaleEncoding         0x08001ea1    0xe  Code  Gb  setlocale.o [3]
_LocaleReturnString     0x200000b0   0x50  Data  Lc  setlocale.o [3]
_Locale_Profile         0x20000094   0x1c  Data  Gb  setlocale.o [3]
_Locale_aeabi_lconv     0x20000054   0x38  Data  Gb  localeconv.o [3]
_Locale_lconv           0x20000004   0x50  Data  Gb  localeconv.o [3]
_Mbtowc                 0x080012db   0x20  Code  Gb  xmbtowc.o [3]
_PrintfFull             0x08000189  0x61e  Code  Gb  xprintffull.o [3]
_PutcharsFull           0x08001293   0x2e  Code  Lc  xprintffull.o [3]
_PutstrFull             0x0800082b  0x30c  Code  Lc  xprintffull.o [3]
_SProut                 0x080012fb    0xa  Code  Gb  xsprout.o [3]
_TzoneStr               0x2000008c    0x4  Data  Gb  setlocale.o [3]
_Wctomb                 0x08001469   0x1a  Code  Gb  xwctomb.o [3]
__aeabi_cdcmple         0x080016ad         Code  Gb  DblCmpLe.o [4]
__aeabi_cdrcmple        0x080016dd         Code  Gb  DblCmpGe.o [4]
__aeabi_d2iz            0x08001821         Code  Gb  DblToI32.o [4]
__aeabi_d2uiz           0x0800184d         Code  Gb  DblToI32.o [4]
__aeabi_ddiv            0x08001bcd         Code  Gb  DblDiv.o [4]
__aeabi_dmul            0x08001a29         Code  Gb  DblMul.o [4]
__aeabi_dsub            0x080018a9         Code  Gb  DblSub.o [4]
__aeabi_i2d             0x08001879         Code  Gb  I32ToDbl.o [4]
__aeabi_ldiv0           0x08001f41         Code  Gb  I64DivZer.o [5]
__aeabi_memset          0x080040d9         Code  Gb  ABImemset.o [5]
__aeabi_ui2d            0x0800188d         Code  Gb  I32ToDbl.o [4]
__aeabi_uldivmod        0x0800157d         Code  Gb  I64DivMod.o [5]
__cmain                 0x080042b1         Code  Gb  cmain.o [5]
__data_Aldata           0x200009b8    0x8  Data  Gb  xxmemxmalloc.o [3]
__data_GetMemChunk      0x08001f15   0x2c  Code  Gb  xgetmemchunk.o [3]
__exit                  0x080042e1   0x14  Code  Gb  exit.o [6]
__iar_Dnorm             0x0800166b   0x42  Code  Gb  xdnorm.o [4]
__iar_Dscale            0x0800170d  0x114  Code  Gb  xdscale.o [4]
__iar_Locale_lconv_init
                        0x08001e25   0x3a  Code  Gb  localeconv.o [3]
__iar_Mbcurmax          0x080013ad    0xa  Code  Gb  xmbcurmax.o [3]
__iar_Memchr            0x08001355         Code  Gb  memchr.o [5]
__iar_Memset            0x080040d9         Code  Gb  ABImemset.o [5]
__iar_Memset_word       0x080040e1         Code  Gb  ABImemset.o [5]
__iar_Strchr            0x08001305         Code  Gb  strchr.o [5]
__iar_d2uiz             0x08001859         Code  Gb  DblToI32.o [4]
__iar_dadd              0x08001f45         Code  Gb  DblAdd.o [4]
__iar_data_init3        0x08004225   0x28  Code  Gb  data_init.o [5]
__iar_dlib_perthread_access
                        0x08002019    0x2  Code  Gb  xtls.o [3]
__iar_dsub              0x080018bd         Code  Gb  DblSub.o [4]
__iar_dsubStart         0x080018cf         Code  Gb  DblSub.o [4]
__iar_init_vfp          0x0800424d         Code  Gb  fpinit_M.o [4]
__iar_packbits_init_single3
                        0x080041ed   0x38  Code  Gb  packbits_init_single.o [5]
__iar_program_start     0x08004305         Code  Gb  cstartup_M.o [5]
__iar_ui2d              0x08001891         Code  Gb  I32ToDbl.o [4]
__iar_unaligned___aeabi_memcpy
                        0x08001485         Code  Gb  ABImemcpy_unaligned.o [5]
__iar_unaligned___aeabi_memcpy4
                        0x080014a5         Code  Gb  ABImemcpy_unaligned.o [5]
__iar_unaligned___aeabi_memcpy8
                        0x080014a5         Code  Gb  ABImemcpy_unaligned.o [5]
__iar_zero_init3        0x080041ad   0x40  Code  Gb  zero_init3.o [5]
__low_level_init        0x080042cb    0x4  Code  Gb  low_level_init.o [3]
__vector_table          0x08000000         Data  Gb  startup_stm32f334x8.o [1]
_call_main              0x080042bd         Code  Gb  cmain.o [5]
_exit                   0x080042d5         Code  Gb  cexit.o [5]
_main                   0x080042c7         Code  Gb  cmain.o [5]
a                       0x2000086b    0x1  Data  Gb  main.o [1]
aAPBAHBPrescTable       0x08002d28   0x10  Data  Gb  stm32f3xx_hal_rcc.o [1]
aPLLMULFactorTable      0x08002d38   0x10  Data  Gb  stm32f3xx_hal_rcc.o [1]
aPredivFactorTable      0x08002d48   0x10  Data  Gb  stm32f3xx_hal_rcc.o [1]
buf                     0x20000700  0x168  Data  Gb  main.o [1]
bufferURx               0x20000868    0x1  Data  Gb  main.o [1]
div                     0x08001e91    0xe  Code  Gb  div.o [3]
exit                    0x080042cf    0x4  Code  Gb  exit.o [3]
flush_rx_fifo           0x08003ac9    0x4  Code  Gb  pagano_dll_library.o [1]
flush_tx_fifo           0x08003ac3    0x6  Code  Gb  pagano_dll_library.o [1]
free                    0x080014fd   0x7a  Code  Gb  xxmemxfree.o [3]
high_ce                 0x08003ab9    0x2  Code  Gb  pagano_dll_library.o [1]
high_csn                0x08003aa9    0x2  Code  Gb  pagano_dll_library.o [1]
hspi1                   0x20000874   0x64  Data  Gb  main.o [1]
huart1                  0x200008d8   0x70  Data  Gb  main.o [1]
huart2                  0x20000948   0x70  Data  Gb  main.o [1]
initialize_nrf24l01     0x08003be5   0xe0  Code  Gb  pagano_dll_library.o [1]
j                       0x2000086a    0x1  Data  Gb  main.o [1]
k                       0x2000086c    0x1  Data  Gb  main.o [1]
localeconv              0x08001e5f   0x16  Code  Gb  localeconv.o [3]
low_ce                  0x08003ab5    0x4  Code  Gb  pagano_dll_library.o [1]
low_csn                 0x08003aa5    0x4  Code  Gb  pagano_dll_library.o [1]
main                    0x08002dcd  0x172  Code  Gb  main.o [1]
malloc                  0x080013b9   0xac  Code  Gb  xxmemxmalloc.o [3]
memchr                  0x08001355         Code  Gb  memchr.o [5]
memset                  0x08004091   0x14  Code  Gb  memset.o [3]
read_bit                0x08003b91   0x14  Code  Gb  pagano_dll_library.o [1]
read_payload            0x08003d2d   0x90  Code  Gb  pagano_dll_library.o [1]
read_register           0x08003b1d   0x42  Code  Gb  pagano_dll_library.o [1]
send_payload            0x08003ce9   0x44  Code  Gb  pagano_dll_library.o [1]
set_rx_mode             0x08003ba5   0x1e  Code  Gb  pagano_dll_library.o [1]
set_tx_mode             0x08003bc3   0x1c  Code  Gb  pagano_dll_library.o [1]
set_value               0x20000870    0x4  Data  Gb  main.o [1]
sprintf                 0x080040a5   0x34  Code  Gb  sprintf.o [3]
stateU                  0x20000869    0x1  Data  Gb  main.o [1]
statoLed                0x2000086d    0x1  Data  Gb  main.o [1]
strchr                  0x08001305         Code  Gb  strchr.o [5]
strlen                  0x0800131d         Code  Gb  strlen.o [5]
uwTick                  0x200009c0    0x4  Data  Lc  stm32f3xx_hal.o [1]
write_bit               0x08003b69   0x28  Code  Gb  pagano_dll_library.o [1]
write_register          0x08003ae7   0x36  Code  Gb  pagano_dll_library.o [1]


[1] = C:\Users\Nick F\Desktop\Progetto NUCLEO\fase3_Pagano\EWARM\fase2_Pagano\Obj
[2] = command line
[3] = dl7M_tlf.a
[4] = m7M_tls.a
[5] = rt7M_tl.a
[6] = shb_l.a

  17 358 bytes of readonly  code memory
      50 bytes of readonly  data memory
   2 504 bytes of readwrite data memory

Errors: none
Warnings: none
